k genomic.kmers cov.cutoff
11 4820 8
21 3304 6
27 17058 2
29 2511 6
31 10519 3
33 4527 5
35 2335 5
37 7811 3
41 1712 14
51 2850 4
61 230 62
71 449 26
81 534 45
91 832 26
101 960 15
